Archive member included to satisfy reference by file (symbol)

./libelibc.a(crt0.o)          (crt0)
./libelibc.a(stdio.o)         pi.o (printf)
./libelibc.a(stdlib.o)        pi.o (exit)
./libelibc.a(string.o)        ./libelibc.a(stdlib.o) (memset)
./libelibc.a(time.o)          pi.o (clock)
./libelibc.a(uart.o)          ./libelibc.a(stdio.o) (inbyte)
/opt/riscv/lib/gcc/riscv32-unknown-elf/15.1.0/rv32im/ilp32/libgcc.a(_udivdi3.o)
                              ./libelibc.a(stdio.o) (__udivdi3)
/opt/riscv/lib/gcc/riscv32-unknown-elf/15.1.0/rv32im/ilp32/libgcc.a(adddf3.o)
                              ./libelibc.a(stdio.o) (__adddf3)
/opt/riscv/lib/gcc/riscv32-unknown-elf/15.1.0/rv32im/ilp32/libgcc.a(divdf3.o)
                              ./libelibc.a(stdio.o) (__divdf3)
/opt/riscv/lib/gcc/riscv32-unknown-elf/15.1.0/rv32im/ilp32/libgcc.a(ledf2.o)
                              ./libelibc.a(stdio.o) (__ltdf2)
/opt/riscv/lib/gcc/riscv32-unknown-elf/15.1.0/rv32im/ilp32/libgcc.a(muldf3.o)
                              ./libelibc.a(stdio.o) (__muldf3)
/opt/riscv/lib/gcc/riscv32-unknown-elf/15.1.0/rv32im/ilp32/libgcc.a(subdf3.o)
                              ./libelibc.a(stdio.o) (__subdf3)
/opt/riscv/lib/gcc/riscv32-unknown-elf/15.1.0/rv32im/ilp32/libgcc.a(fixdfsi.o)
                              ./libelibc.a(stdio.o) (__fixdfsi)
/opt/riscv/lib/gcc/riscv32-unknown-elf/15.1.0/rv32im/ilp32/libgcc.a(fixunsdfsi.o)
                              ./libelibc.a(stdio.o) (__fixunsdfsi)
/opt/riscv/lib/gcc/riscv32-unknown-elf/15.1.0/rv32im/ilp32/libgcc.a(floatsidf.o)
                              ./libelibc.a(stdio.o) (__floatsidf)
/opt/riscv/lib/gcc/riscv32-unknown-elf/15.1.0/rv32im/ilp32/libgcc.a(floatunsidf.o)
                              ./libelibc.a(stdio.o) (__floatunsidf)
/opt/riscv/lib/gcc/riscv32-unknown-elf/15.1.0/rv32im/ilp32/libgcc.a(addsf3.o)
                              pi.o (__addsf3)
/opt/riscv/lib/gcc/riscv32-unknown-elf/15.1.0/rv32im/ilp32/libgcc.a(mulsf3.o)
                              pi.o (__mulsf3)
/opt/riscv/lib/gcc/riscv32-unknown-elf/15.1.0/rv32im/ilp32/libgcc.a(fixsfsi.o)
                              pi.o (__fixsfsi)
/opt/riscv/lib/gcc/riscv32-unknown-elf/15.1.0/rv32im/ilp32/libgcc.a(floatsisf.o)
                              pi.o (__floatsisf)
/opt/riscv/lib/gcc/riscv32-unknown-elf/15.1.0/rv32im/ilp32/libgcc.a(_clz.o)
                              /opt/riscv/lib/gcc/riscv32-unknown-elf/15.1.0/rv32im/ilp32/libgcc.a(_udivdi3.o) (__clz_tab)
/opt/riscv/lib/gcc/riscv32-unknown-elf/15.1.0/rv32im/ilp32/libgcc.a(_clzsi2.o)
                              /opt/riscv/lib/gcc/riscv32-unknown-elf/15.1.0/rv32im/ilp32/libgcc.a(adddf3.o) (__clzsi2)

There are no discarded input sections

Memory Configuration

Name             Origin             Length             Attributes
code_ram         0x80001000         0x00007000         xr!rw
data_ram         0x80008000         0x00010000         rw!x
*default*        0x00000000         0xffffffff

Linker script and memory map

                0x00001000                        __stack_size = 0x1000
                0x0000d000                        __heap_size = 0xd000

.text           0x80001000     0x512c
 *(.text*)
 .text          0x80001000      0x65c pi.o
                0x80001000                outp
                0x80001130                add
                0x800011a8                sub
                0x80001224                mul
                0x8000128c                divl
                0x800012e4                termno
                0x8000138c                arctan
 .text.startup  0x8000165c      0x298 pi.o
                0x8000165c                main
 .text          0x800018f4       0x30 ./libelibc.a(crt0.o)
                0x800018f4                crt0
 .text          0x80001924     0x1104 ./libelibc.a(stdio.o)
                0x80001924                getchar
                0x8000193c                putchar
                0x80001968                fputs
                0x80001a08                fgets
                0x80001ac8                putd
                0x80001f5c                putx
                0x80002260                putld
                0x80002560                putf
                0x800027dc                printf
 .text          0x80002a28      0x2dc ./libelibc.a(stdlib.o)
                0x80002a28                exit
                0x80002a74                malloc
                0x80002ba8                free
                0x80002bd4                calloc
                0x80002c14                atoi
                0x80002cb8                abs
                0x80002cc8                srand
                0x80002cd4                rand
 .text          0x80002d04      0x7b8 ./libelibc.a(string.o)
                0x80002d04                memcpy
                0x80002da8                memmove
                0x80002e84                memset
                0x80002f74                strlen
                0x80002f98                strcpy
                0x80003008                strncpy
                0x80003114                strcat
                0x80003158                strncat
                0x800031b0                strcmp
                0x80003470                strncmp
 .text          0x800034bc       0xd0 ./libelibc.a(time.o)
                0x800034bc                clock
 .text          0x8000358c       0x70 ./libelibc.a(uart.o)
                0x8000358c                inbyte
                0x800035b0                outbyte
 .text          0x800035fc      0x3ec /opt/riscv/lib/gcc/riscv32-unknown-elf/15.1.0/rv32im/ilp32/libgcc.a(_udivdi3.o)
                0x800035fc                __udivdi3
 .text          0x800039e8      0x74c /opt/riscv/lib/gcc/riscv32-unknown-elf/15.1.0/rv32im/ilp32/libgcc.a(adddf3.o)
                0x800039e8                __adddf3
 .text          0x80004134      0x6b8 /opt/riscv/lib/gcc/riscv32-unknown-elf/15.1.0/rv32im/ilp32/libgcc.a(divdf3.o)
                0x80004134                __divdf3
 .text          0x800047ec       0xd8 /opt/riscv/lib/gcc/riscv32-unknown-elf/15.1.0/rv32im/ilp32/libgcc.a(ledf2.o)
                0x800047ec                __ltdf2
                0x800047ec                __ledf2
 .text          0x800048c4      0x5e8 /opt/riscv/lib/gcc/riscv32-unknown-elf/15.1.0/rv32im/ilp32/libgcc.a(muldf3.o)
                0x800048c4                __muldf3
 .text          0x80004eac      0x760 /opt/riscv/lib/gcc/riscv32-unknown-elf/15.1.0/rv32im/ilp32/libgcc.a(subdf3.o)
                0x80004eac                __subdf3
 .text          0x8000560c       0x7c /opt/riscv/lib/gcc/riscv32-unknown-elf/15.1.0/rv32im/ilp32/libgcc.a(fixdfsi.o)
                0x8000560c                __fixdfsi
 .text          0x80005688       0x78 /opt/riscv/lib/gcc/riscv32-unknown-elf/15.1.0/rv32im/ilp32/libgcc.a(fixunsdfsi.o)
                0x80005688                __fixunsdfsi
 .text          0x80005700       0xa0 /opt/riscv/lib/gcc/riscv32-unknown-elf/15.1.0/rv32im/ilp32/libgcc.a(floatsidf.o)
                0x80005700                __floatsidf
 .text          0x800057a0       0x7c /opt/riscv/lib/gcc/riscv32-unknown-elf/15.1.0/rv32im/ilp32/libgcc.a(floatunsidf.o)
                0x800057a0                __floatunsidf
 .text          0x8000581c      0x42c /opt/riscv/lib/gcc/riscv32-unknown-elf/15.1.0/rv32im/ilp32/libgcc.a(addsf3.o)
                0x8000581c                __addsf3
 .text          0x80005c48      0x31c /opt/riscv/lib/gcc/riscv32-unknown-elf/15.1.0/rv32im/ilp32/libgcc.a(mulsf3.o)
                0x80005c48                __mulsf3
 .text          0x80005f64       0x70 /opt/riscv/lib/gcc/riscv32-unknown-elf/15.1.0/rv32im/ilp32/libgcc.a(fixsfsi.o)
                0x80005f64                __fixsfsi
 .text          0x80005fd4      0x10c /opt/riscv/lib/gcc/riscv32-unknown-elf/15.1.0/rv32im/ilp32/libgcc.a(floatsisf.o)
                0x80005fd4                __floatsisf
 .text          0x800060e0        0x0 /opt/riscv/lib/gcc/riscv32-unknown-elf/15.1.0/rv32im/ilp32/libgcc.a(_clz.o)
 .text          0x800060e0       0x4c /opt/riscv/lib/gcc/riscv32-unknown-elf/15.1.0/rv32im/ilp32/libgcc.a(_clzsi2.o)
                0x800060e0                __clzsi2

.srodata.cst4   0x8000612c       0x14
 .srodata.cst4  0x8000612c       0x14 pi.o

.srodata.cst8   0x80006140       0x10
 .srodata.cst8  0x80006140       0x10 ./libelibc.a(stdio.o)

.srodata        0x80006150        0x8
 .srodata       0x80006150        0x8 ./libelibc.a(stdlib.o)

.eh_frame       0x80006158       0x28
 .eh_frame      0x80006158       0x28 /opt/riscv/lib/gcc/riscv32-unknown-elf/15.1.0/rv32im/ilp32/libgcc.a(_udivdi3.o)

.rela.dyn       0x80006180        0x0
 .rela.sdata    0x80006180        0x0 pi.o
 .rela.srodata  0x80006180        0x0 pi.o

.data           0x80008000      0x37c
 *(.data)
 .data          0x80008000        0x0 pi.o
 .data          0x80008000        0x0 ./libelibc.a(crt0.o)
 .data          0x80008000        0x0 ./libelibc.a(stdio.o)
 .data          0x80008000        0x0 ./libelibc.a(stdlib.o)
 .data          0x80008000        0x0 ./libelibc.a(string.o)
 .data          0x80008000        0x0 ./libelibc.a(time.o)
 .data          0x80008000        0x0 ./libelibc.a(uart.o)
 .data          0x80008000        0x0 /opt/riscv/lib/gcc/riscv32-unknown-elf/15.1.0/rv32im/ilp32/libgcc.a(_udivdi3.o)
 .data          0x80008000        0x0 /opt/riscv/lib/gcc/riscv32-unknown-elf/15.1.0/rv32im/ilp32/libgcc.a(adddf3.o)
 .data          0x80008000        0x0 /opt/riscv/lib/gcc/riscv32-unknown-elf/15.1.0/rv32im/ilp32/libgcc.a(divdf3.o)
 .data          0x80008000        0x0 /opt/riscv/lib/gcc/riscv32-unknown-elf/15.1.0/rv32im/ilp32/libgcc.a(ledf2.o)
 .data          0x80008000        0x0 /opt/riscv/lib/gcc/riscv32-unknown-elf/15.1.0/rv32im/ilp32/libgcc.a(muldf3.o)
 .data          0x80008000        0x0 /opt/riscv/lib/gcc/riscv32-unknown-elf/15.1.0/rv32im/ilp32/libgcc.a(subdf3.o)
 .data          0x80008000        0x0 /opt/riscv/lib/gcc/riscv32-unknown-elf/15.1.0/rv32im/ilp32/libgcc.a(fixdfsi.o)
 .data          0x80008000        0x0 /opt/riscv/lib/gcc/riscv32-unknown-elf/15.1.0/rv32im/ilp32/libgcc.a(fixunsdfsi.o)
 .data          0x80008000        0x0 /opt/riscv/lib/gcc/riscv32-unknown-elf/15.1.0/rv32im/ilp32/libgcc.a(floatsidf.o)
 .data          0x80008000        0x0 /opt/riscv/lib/gcc/riscv32-unknown-elf/15.1.0/rv32im/ilp32/libgcc.a(floatunsidf.o)
 .data          0x80008000        0x0 /opt/riscv/lib/gcc/riscv32-unknown-elf/15.1.0/rv32im/ilp32/libgcc.a(addsf3.o)
 .data          0x80008000        0x0 /opt/riscv/lib/gcc/riscv32-unknown-elf/15.1.0/rv32im/ilp32/libgcc.a(mulsf3.o)
 .data          0x80008000        0x0 /opt/riscv/lib/gcc/riscv32-unknown-elf/15.1.0/rv32im/ilp32/libgcc.a(fixsfsi.o)
 .data          0x80008000        0x0 /opt/riscv/lib/gcc/riscv32-unknown-elf/15.1.0/rv32im/ilp32/libgcc.a(floatsisf.o)
 .data          0x80008000        0x0 /opt/riscv/lib/gcc/riscv32-unknown-elf/15.1.0/rv32im/ilp32/libgcc.a(_clz.o)
 .data          0x80008000        0x0 /opt/riscv/lib/gcc/riscv32-unknown-elf/15.1.0/rv32im/ilp32/libgcc.a(_clzsi2.o)
 *(.bss)
 .bss           0x80008000        0x0 pi.o
 .bss           0x80008000        0x0 ./libelibc.a(crt0.o)
 .bss           0x80008000        0x0 ./libelibc.a(stdio.o)
 .bss           0x80008000        0x0 ./libelibc.a(stdlib.o)
 .bss           0x80008000        0x0 ./libelibc.a(string.o)
 .bss           0x80008000        0x0 ./libelibc.a(time.o)
 .bss           0x80008000        0x0 ./libelibc.a(uart.o)
 .bss           0x80008000        0x0 /opt/riscv/lib/gcc/riscv32-unknown-elf/15.1.0/rv32im/ilp32/libgcc.a(_udivdi3.o)
 .bss           0x80008000        0x0 /opt/riscv/lib/gcc/riscv32-unknown-elf/15.1.0/rv32im/ilp32/libgcc.a(adddf3.o)
 .bss           0x80008000        0x0 /opt/riscv/lib/gcc/riscv32-unknown-elf/15.1.0/rv32im/ilp32/libgcc.a(divdf3.o)
 .bss           0x80008000        0x0 /opt/riscv/lib/gcc/riscv32-unknown-elf/15.1.0/rv32im/ilp32/libgcc.a(ledf2.o)
 .bss           0x80008000        0x0 /opt/riscv/lib/gcc/riscv32-unknown-elf/15.1.0/rv32im/ilp32/libgcc.a(muldf3.o)
 .bss           0x80008000        0x0 /opt/riscv/lib/gcc/riscv32-unknown-elf/15.1.0/rv32im/ilp32/libgcc.a(subdf3.o)
 .bss           0x80008000        0x0 /opt/riscv/lib/gcc/riscv32-unknown-elf/15.1.0/rv32im/ilp32/libgcc.a(fixdfsi.o)
 .bss           0x80008000        0x0 /opt/riscv/lib/gcc/riscv32-unknown-elf/15.1.0/rv32im/ilp32/libgcc.a(fixunsdfsi.o)
 .bss           0x80008000        0x0 /opt/riscv/lib/gcc/riscv32-unknown-elf/15.1.0/rv32im/ilp32/libgcc.a(floatsidf.o)
 .bss           0x80008000        0x0 /opt/riscv/lib/gcc/riscv32-unknown-elf/15.1.0/rv32im/ilp32/libgcc.a(floatunsidf.o)
 .bss           0x80008000        0x0 /opt/riscv/lib/gcc/riscv32-unknown-elf/15.1.0/rv32im/ilp32/libgcc.a(addsf3.o)
 .bss           0x80008000        0x0 /opt/riscv/lib/gcc/riscv32-unknown-elf/15.1.0/rv32im/ilp32/libgcc.a(mulsf3.o)
 .bss           0x80008000        0x0 /opt/riscv/lib/gcc/riscv32-unknown-elf/15.1.0/rv32im/ilp32/libgcc.a(fixsfsi.o)
 .bss           0x80008000        0x0 /opt/riscv/lib/gcc/riscv32-unknown-elf/15.1.0/rv32im/ilp32/libgcc.a(floatsisf.o)
 .bss           0x80008000        0x0 /opt/riscv/lib/gcc/riscv32-unknown-elf/15.1.0/rv32im/ilp32/libgcc.a(_clz.o)
 .bss           0x80008000        0x0 /opt/riscv/lib/gcc/riscv32-unknown-elf/15.1.0/rv32im/ilp32/libgcc.a(_clzsi2.o)
 *(.rodata*)
 .rodata.str1.4
                0x80008000      0x111 pi.o
                                 0x94 (size before relaxing)
 .rodata.str1.4
                0x80008111        0x0 ./libelibc.a(stdio.o)
                                 0x7d (size before relaxing)
 *fill*         0x80008111        0x3 
 .rodata        0x80008114       0x84 ./libelibc.a(stdio.o)
 .rodata        0x80008198       0xa8 ./libelibc.a(stdlib.o)
 .rodata        0x80008240       0x3c /opt/riscv/lib/gcc/riscv32-unknown-elf/15.1.0/rv32im/ilp32/libgcc.a(divdf3.o)
 .rodata        0x8000827c      0x100 /opt/riscv/lib/gcc/riscv32-unknown-elf/15.1.0/rv32im/ilp32/libgcc.a(_clz.o)
                0x8000827c                __clz_tab

.sdata          0x8000837c       0x2c
 .sdata         0x8000837c        0x4 ./libelibc.a(crt0.o)
                0x8000837c                stack_top
 .sdata         0x80008380       0x1c ./libelibc.a(stdio.o)
                0x80008380                stderr
                0x80008384                stdout
                0x80008388                stdin
 .sdata         0x8000839c        0xc ./libelibc.a(stdlib.o)

.sbss           0x800083a8       0x20
 .sbss          0x800083a8       0x14 pi.o
                0x800083a8                trm
                0x800083ac                pwr
                0x800083b0                pi
                0x800083b4                temp
                0x800083b8                one
 .sbss          0x800083bc        0x4 ./libelibc.a(crt0.o)
                0x800083bc                sp_store
 .sbss          0x800083c0        0x8 ./libelibc.a(stdio.o)

.heap           0x800083d0     0xd000
                0x800083d0                        __heap_start = .
                0x800153d0                        . = (. + __heap_size)
 *fill*         0x800083d0     0xd000 

.stack          0x800153d0     0x1000
                0x800163d0                        . = (. + __stack_size)
 *fill*         0x800153d0     0x1000 
                0x800163d0                        __stack_top = .
LOAD pi.o
LOAD ./libelibc.a
LOAD /opt/riscv/lib/gcc/riscv32-unknown-elf/15.1.0/rv32im/ilp32/libgcc.a
OUTPUT(pi.elf elf32-littleriscv)

.comment        0x00000000       0x19
 .comment       0x00000000       0x19 pi.o
                                 0x1a (size before relaxing)
 .comment       0x00000019        0x0 ./libelibc.a(crt0.o)
                                 0x1a (size before relaxing)
 .comment       0x00000019        0x0 ./libelibc.a(stdio.o)
                                 0x1a (size before relaxing)
 .comment       0x00000019        0x0 ./libelibc.a(stdlib.o)
                                 0x1a (size before relaxing)
 .comment       0x00000019        0x0 ./libelibc.a(string.o)
                                 0x1a (size before relaxing)
 .comment       0x00000019        0x0 ./libelibc.a(time.o)
                                 0x1a (size before relaxing)
 .comment       0x00000019        0x0 ./libelibc.a(uart.o)
                                 0x1a (size before relaxing)
 .comment       0x00000019        0x0 /opt/riscv/lib/gcc/riscv32-unknown-elf/15.1.0/rv32im/ilp32/libgcc.a(_udivdi3.o)
                                 0x1a (size before relaxing)
 .comment       0x00000019        0x0 /opt/riscv/lib/gcc/riscv32-unknown-elf/15.1.0/rv32im/ilp32/libgcc.a(adddf3.o)
                                 0x1a (size before relaxing)
 .comment       0x00000019        0x0 /opt/riscv/lib/gcc/riscv32-unknown-elf/15.1.0/rv32im/ilp32/libgcc.a(divdf3.o)
                                 0x1a (size before relaxing)
 .comment       0x00000019        0x0 /opt/riscv/lib/gcc/riscv32-unknown-elf/15.1.0/rv32im/ilp32/libgcc.a(ledf2.o)
                                 0x1a (size before relaxing)
 .comment       0x00000019        0x0 /opt/riscv/lib/gcc/riscv32-unknown-elf/15.1.0/rv32im/ilp32/libgcc.a(muldf3.o)
                                 0x1a (size before relaxing)
 .comment       0x00000019        0x0 /opt/riscv/lib/gcc/riscv32-unknown-elf/15.1.0/rv32im/ilp32/libgcc.a(subdf3.o)
                                 0x1a (size before relaxing)
 .comment       0x00000019        0x0 /opt/riscv/lib/gcc/riscv32-unknown-elf/15.1.0/rv32im/ilp32/libgcc.a(fixdfsi.o)
                                 0x1a (size before relaxing)
 .comment       0x00000019        0x0 /opt/riscv/lib/gcc/riscv32-unknown-elf/15.1.0/rv32im/ilp32/libgcc.a(fixunsdfsi.o)
                                 0x1a (size before relaxing)
 .comment       0x00000019        0x0 /opt/riscv/lib/gcc/riscv32-unknown-elf/15.1.0/rv32im/ilp32/libgcc.a(floatsidf.o)
                                 0x1a (size before relaxing)
 .comment       0x00000019        0x0 /opt/riscv/lib/gcc/riscv32-unknown-elf/15.1.0/rv32im/ilp32/libgcc.a(floatunsidf.o)
                                 0x1a (size before relaxing)
 .comment       0x00000019        0x0 /opt/riscv/lib/gcc/riscv32-unknown-elf/15.1.0/rv32im/ilp32/libgcc.a(addsf3.o)
                                 0x1a (size before relaxing)
 .comment       0x00000019        0x0 /opt/riscv/lib/gcc/riscv32-unknown-elf/15.1.0/rv32im/ilp32/libgcc.a(mulsf3.o)
                                 0x1a (size before relaxing)
 .comment       0x00000019        0x0 /opt/riscv/lib/gcc/riscv32-unknown-elf/15.1.0/rv32im/ilp32/libgcc.a(fixsfsi.o)
                                 0x1a (size before relaxing)
 .comment       0x00000019        0x0 /opt/riscv/lib/gcc/riscv32-unknown-elf/15.1.0/rv32im/ilp32/libgcc.a(floatsisf.o)
                                 0x1a (size before relaxing)
 .comment       0x00000019        0x0 /opt/riscv/lib/gcc/riscv32-unknown-elf/15.1.0/rv32im/ilp32/libgcc.a(_clz.o)
                                 0x1a (size before relaxing)
 .comment       0x00000019        0x0 /opt/riscv/lib/gcc/riscv32-unknown-elf/15.1.0/rv32im/ilp32/libgcc.a(_clzsi2.o)
                                 0x1a (size before relaxing)

.note.GNU-stack
                0x00000000        0x0
 .note.GNU-stack
                0x00000000        0x0 pi.o
 .note.GNU-stack
                0x00000000        0x0 ./libelibc.a(crt0.o)
 .note.GNU-stack
                0x00000000        0x0 ./libelibc.a(stdio.o)
 .note.GNU-stack
                0x00000000        0x0 ./libelibc.a(stdlib.o)
 .note.GNU-stack
                0x00000000        0x0 ./libelibc.a(string.o)
 .note.GNU-stack
                0x00000000        0x0 ./libelibc.a(time.o)
 .note.GNU-stack
                0x00000000        0x0 ./libelibc.a(uart.o)
 .note.GNU-stack
                0x00000000        0x0 /opt/riscv/lib/gcc/riscv32-unknown-elf/15.1.0/rv32im/ilp32/libgcc.a(_udivdi3.o)
 .note.GNU-stack
                0x00000000        0x0 /opt/riscv/lib/gcc/riscv32-unknown-elf/15.1.0/rv32im/ilp32/libgcc.a(adddf3.o)
 .note.GNU-stack
                0x00000000        0x0 /opt/riscv/lib/gcc/riscv32-unknown-elf/15.1.0/rv32im/ilp32/libgcc.a(divdf3.o)
 .note.GNU-stack
                0x00000000        0x0 /opt/riscv/lib/gcc/riscv32-unknown-elf/15.1.0/rv32im/ilp32/libgcc.a(ledf2.o)
 .note.GNU-stack
                0x00000000        0x0 /opt/riscv/lib/gcc/riscv32-unknown-elf/15.1.0/rv32im/ilp32/libgcc.a(muldf3.o)
 .note.GNU-stack
                0x00000000        0x0 /opt/riscv/lib/gcc/riscv32-unknown-elf/15.1.0/rv32im/ilp32/libgcc.a(subdf3.o)
 .note.GNU-stack
                0x00000000        0x0 /opt/riscv/lib/gcc/riscv32-unknown-elf/15.1.0/rv32im/ilp32/libgcc.a(fixdfsi.o)
 .note.GNU-stack
                0x00000000        0x0 /opt/riscv/lib/gcc/riscv32-unknown-elf/15.1.0/rv32im/ilp32/libgcc.a(fixunsdfsi.o)
 .note.GNU-stack
                0x00000000        0x0 /opt/riscv/lib/gcc/riscv32-unknown-elf/15.1.0/rv32im/ilp32/libgcc.a(floatsidf.o)
 .note.GNU-stack
                0x00000000        0x0 /opt/riscv/lib/gcc/riscv32-unknown-elf/15.1.0/rv32im/ilp32/libgcc.a(floatunsidf.o)
 .note.GNU-stack
                0x00000000        0x0 /opt/riscv/lib/gcc/riscv32-unknown-elf/15.1.0/rv32im/ilp32/libgcc.a(addsf3.o)
 .note.GNU-stack
                0x00000000        0x0 /opt/riscv/lib/gcc/riscv32-unknown-elf/15.1.0/rv32im/ilp32/libgcc.a(mulsf3.o)
 .note.GNU-stack
                0x00000000        0x0 /opt/riscv/lib/gcc/riscv32-unknown-elf/15.1.0/rv32im/ilp32/libgcc.a(fixsfsi.o)
 .note.GNU-stack
                0x00000000        0x0 /opt/riscv/lib/gcc/riscv32-unknown-elf/15.1.0/rv32im/ilp32/libgcc.a(floatsisf.o)
 .note.GNU-stack
                0x00000000        0x0 /opt/riscv/lib/gcc/riscv32-unknown-elf/15.1.0/rv32im/ilp32/libgcc.a(_clz.o)
 .note.GNU-stack
                0x00000000        0x0 /opt/riscv/lib/gcc/riscv32-unknown-elf/15.1.0/rv32im/ilp32/libgcc.a(_clzsi2.o)

.riscv.attributes
                0x00000000       0x5b
 .riscv.attributes
                0x00000000       0x57 pi.o
 .riscv.attributes
                0x00000057       0x57 ./libelibc.a(crt0.o)
 .riscv.attributes
                0x000000ae       0x57 ./libelibc.a(stdio.o)
 .riscv.attributes
                0x00000105       0x57 ./libelibc.a(stdlib.o)
 .riscv.attributes
                0x0000015c       0x57 ./libelibc.a(string.o)
 .riscv.attributes
                0x000001b3       0x5b ./libelibc.a(time.o)
 .riscv.attributes
                0x0000020e       0x57 ./libelibc.a(uart.o)
 .riscv.attributes
                0x00000265       0x2a /opt/riscv/lib/gcc/riscv32-unknown-elf/15.1.0/rv32im/ilp32/libgcc.a(_udivdi3.o)
 .riscv.attributes
                0x0000028f       0x2a /opt/riscv/lib/gcc/riscv32-unknown-elf/15.1.0/rv32im/ilp32/libgcc.a(adddf3.o)
 .riscv.attributes
                0x000002b9       0x2a /opt/riscv/lib/gcc/riscv32-unknown-elf/15.1.0/rv32im/ilp32/libgcc.a(divdf3.o)
 .riscv.attributes
                0x000002e3       0x2a /opt/riscv/lib/gcc/riscv32-unknown-elf/15.1.0/rv32im/ilp32/libgcc.a(ledf2.o)
 .riscv.attributes
                0x0000030d       0x2a /opt/riscv/lib/gcc/riscv32-unknown-elf/15.1.0/rv32im/ilp32/libgcc.a(muldf3.o)
 .riscv.attributes
                0x00000337       0x2a /opt/riscv/lib/gcc/riscv32-unknown-elf/15.1.0/rv32im/ilp32/libgcc.a(subdf3.o)
 .riscv.attributes
                0x00000361       0x2a /opt/riscv/lib/gcc/riscv32-unknown-elf/15.1.0/rv32im/ilp32/libgcc.a(fixdfsi.o)
 .riscv.attributes
                0x0000038b       0x2a /opt/riscv/lib/gcc/riscv32-unknown-elf/15.1.0/rv32im/ilp32/libgcc.a(fixunsdfsi.o)
 .riscv.attributes
                0x000003b5       0x2a /opt/riscv/lib/gcc/riscv32-unknown-elf/15.1.0/rv32im/ilp32/libgcc.a(floatsidf.o)
 .riscv.attributes
                0x000003df       0x2a /opt/riscv/lib/gcc/riscv32-unknown-elf/15.1.0/rv32im/ilp32/libgcc.a(floatunsidf.o)
 .riscv.attributes
                0x00000409       0x2a /opt/riscv/lib/gcc/riscv32-unknown-elf/15.1.0/rv32im/ilp32/libgcc.a(addsf3.o)
 .riscv.attributes
                0x00000433       0x2a /opt/riscv/lib/gcc/riscv32-unknown-elf/15.1.0/rv32im/ilp32/libgcc.a(mulsf3.o)
 .riscv.attributes
                0x0000045d       0x2a /opt/riscv/lib/gcc/riscv32-unknown-elf/15.1.0/rv32im/ilp32/libgcc.a(fixsfsi.o)
 .riscv.attributes
                0x00000487       0x2a /opt/riscv/lib/gcc/riscv32-unknown-elf/15.1.0/rv32im/ilp32/libgcc.a(floatsisf.o)
 .riscv.attributes
                0x000004b1       0x2a /opt/riscv/lib/gcc/riscv32-unknown-elf/15.1.0/rv32im/ilp32/libgcc.a(_clz.o)
 .riscv.attributes
                0x000004db       0x2a /opt/riscv/lib/gcc/riscv32-unknown-elf/15.1.0/rv32im/ilp32/libgcc.a(_clzsi2.o)

.debug_info     0x00000000     0x3aeb
 .debug_info    0x00000000      0x850 /opt/riscv/lib/gcc/riscv32-unknown-elf/15.1.0/rv32im/ilp32/libgcc.a(_udivdi3.o)
 .debug_info    0x00000850      0x582 /opt/riscv/lib/gcc/riscv32-unknown-elf/15.1.0/rv32im/ilp32/libgcc.a(adddf3.o)
 .debug_info    0x00000dd2      0x799 /opt/riscv/lib/gcc/riscv32-unknown-elf/15.1.0/rv32im/ilp32/libgcc.a(divdf3.o)
 .debug_info    0x0000156b      0x25a /opt/riscv/lib/gcc/riscv32-unknown-elf/15.1.0/rv32im/ilp32/libgcc.a(ledf2.o)
 .debug_info    0x000017c5      0x7a7 /opt/riscv/lib/gcc/riscv32-unknown-elf/15.1.0/rv32im/ilp32/libgcc.a(muldf3.o)
 .debug_info    0x00001f6c      0x582 /opt/riscv/lib/gcc/riscv32-unknown-elf/15.1.0/rv32im/ilp32/libgcc.a(subdf3.o)
 .debug_info    0x000024ee      0x1de /opt/riscv/lib/gcc/riscv32-unknown-elf/15.1.0/rv32im/ilp32/libgcc.a(fixdfsi.o)
 .debug_info    0x000026cc      0x1c2 /opt/riscv/lib/gcc/riscv32-unknown-elf/15.1.0/rv32im/ilp32/libgcc.a(fixunsdfsi.o)
 .debug_info    0x0000288e      0x289 /opt/riscv/lib/gcc/riscv32-unknown-elf/15.1.0/rv32im/ilp32/libgcc.a(floatsidf.o)
 .debug_info    0x00002b17      0x27e /opt/riscv/lib/gcc/riscv32-unknown-elf/15.1.0/rv32im/ilp32/libgcc.a(floatunsidf.o)
 .debug_info    0x00002d95      0x32d /opt/riscv/lib/gcc/riscv32-unknown-elf/15.1.0/rv32im/ilp32/libgcc.a(addsf3.o)
 .debug_info    0x000030c2      0x3c5 /opt/riscv/lib/gcc/riscv32-unknown-elf/15.1.0/rv32im/ilp32/libgcc.a(mulsf3.o)
 .debug_info    0x00003487      0x1ce /opt/riscv/lib/gcc/riscv32-unknown-elf/15.1.0/rv32im/ilp32/libgcc.a(fixsfsi.o)
 .debug_info    0x00003655      0x23c /opt/riscv/lib/gcc/riscv32-unknown-elf/15.1.0/rv32im/ilp32/libgcc.a(floatsisf.o)
 .debug_info    0x00003891       0xf2 /opt/riscv/lib/gcc/riscv32-unknown-elf/15.1.0/rv32im/ilp32/libgcc.a(_clz.o)
 .debug_info    0x00003983      0x168 /opt/riscv/lib/gcc/riscv32-unknown-elf/15.1.0/rv32im/ilp32/libgcc.a(_clzsi2.o)

.debug_abbrev   0x00000000     0x162f
 .debug_abbrev  0x00000000      0x1ad /opt/riscv/lib/gcc/riscv32-unknown-elf/15.1.0/rv32im/ilp32/libgcc.a(_udivdi3.o)
 .debug_abbrev  0x000001ad      0x195 /opt/riscv/lib/gcc/riscv32-unknown-elf/15.1.0/rv32im/ilp32/libgcc.a(adddf3.o)
 .debug_abbrev  0x00000342      0x18b /opt/riscv/lib/gcc/riscv32-unknown-elf/15.1.0/rv32im/ilp32/libgcc.a(divdf3.o)
 .debug_abbrev  0x000004cd      0x174 /opt/riscv/lib/gcc/riscv32-unknown-elf/15.1.0/rv32im/ilp32/libgcc.a(ledf2.o)
 .debug_abbrev  0x00000641      0x194 /opt/riscv/lib/gcc/riscv32-unknown-elf/15.1.0/rv32im/ilp32/libgcc.a(muldf3.o)
 .debug_abbrev  0x000007d5      0x195 /opt/riscv/lib/gcc/riscv32-unknown-elf/15.1.0/rv32im/ilp32/libgcc.a(subdf3.o)
 .debug_abbrev  0x0000096a      0x15e /opt/riscv/lib/gcc/riscv32-unknown-elf/15.1.0/rv32im/ilp32/libgcc.a(fixdfsi.o)
 .debug_abbrev  0x00000ac8      0x171 /opt/riscv/lib/gcc/riscv32-unknown-elf/15.1.0/rv32im/ilp32/libgcc.a(fixunsdfsi.o)
 .debug_abbrev  0x00000c39      0x173 /opt/riscv/lib/gcc/riscv32-unknown-elf/15.1.0/rv32im/ilp32/libgcc.a(floatsidf.o)
 .debug_abbrev  0x00000dac      0x172 /opt/riscv/lib/gcc/riscv32-unknown-elf/15.1.0/rv32im/ilp32/libgcc.a(floatunsidf.o)
 .debug_abbrev  0x00000f1e      0x18c /opt/riscv/lib/gcc/riscv32-unknown-elf/15.1.0/rv32im/ilp32/libgcc.a(addsf3.o)
 .debug_abbrev  0x000010aa      0x15f /opt/riscv/lib/gcc/riscv32-unknown-elf/15.1.0/rv32im/ilp32/libgcc.a(mulsf3.o)
 .debug_abbrev  0x00001209      0x15b /opt/riscv/lib/gcc/riscv32-unknown-elf/15.1.0/rv32im/ilp32/libgcc.a(fixsfsi.o)
 .debug_abbrev  0x00001364      0x17c /opt/riscv/lib/gcc/riscv32-unknown-elf/15.1.0/rv32im/ilp32/libgcc.a(floatsisf.o)
 .debug_abbrev  0x000014e0       0x76 /opt/riscv/lib/gcc/riscv32-unknown-elf/15.1.0/rv32im/ilp32/libgcc.a(_clz.o)
 .debug_abbrev  0x00001556       0xd9 /opt/riscv/lib/gcc/riscv32-unknown-elf/15.1.0/rv32im/ilp32/libgcc.a(_clzsi2.o)

.debug_loclists
                0x00000000     0x5e29
 .debug_loclists
                0x00000000      0xb98 /opt/riscv/lib/gcc/riscv32-unknown-elf/15.1.0/rv32im/ilp32/libgcc.a(_udivdi3.o)
 .debug_loclists
                0x00000b98      0xf7b /opt/riscv/lib/gcc/riscv32-unknown-elf/15.1.0/rv32im/ilp32/libgcc.a(adddf3.o)
 .debug_loclists
                0x00001b13     0x110d /opt/riscv/lib/gcc/riscv32-unknown-elf/15.1.0/rv32im/ilp32/libgcc.a(divdf3.o)
 .debug_loclists
                0x00002c20       0xff /opt/riscv/lib/gcc/riscv32-unknown-elf/15.1.0/rv32im/ilp32/libgcc.a(ledf2.o)
 .debug_loclists
                0x00002d1f      0xaa6 /opt/riscv/lib/gcc/riscv32-unknown-elf/15.1.0/rv32im/ilp32/libgcc.a(muldf3.o)
 .debug_loclists
                0x000037c5      0xf7e /opt/riscv/lib/gcc/riscv32-unknown-elf/15.1.0/rv32im/ilp32/libgcc.a(subdf3.o)
 .debug_loclists
                0x00004743       0xe5 /opt/riscv/lib/gcc/riscv32-unknown-elf/15.1.0/rv32im/ilp32/libgcc.a(fixdfsi.o)
 .debug_loclists
                0x00004828       0x88 /opt/riscv/lib/gcc/riscv32-unknown-elf/15.1.0/rv32im/ilp32/libgcc.a(fixunsdfsi.o)
 .debug_loclists
                0x000048b0      0x102 /opt/riscv/lib/gcc/riscv32-unknown-elf/15.1.0/rv32im/ilp32/libgcc.a(floatsidf.o)
 .debug_loclists
                0x000049b2       0xf6 /opt/riscv/lib/gcc/riscv32-unknown-elf/15.1.0/rv32im/ilp32/libgcc.a(floatunsidf.o)
 .debug_loclists
                0x00004aa8      0xbed /opt/riscv/lib/gcc/riscv32-unknown-elf/15.1.0/rv32im/ilp32/libgcc.a(addsf3.o)
 .debug_loclists
                0x00005695      0x494 /opt/riscv/lib/gcc/riscv32-unknown-elf/15.1.0/rv32im/ilp32/libgcc.a(mulsf3.o)
 .debug_loclists
                0x00005b29       0xc4 /opt/riscv/lib/gcc/riscv32-unknown-elf/15.1.0/rv32im/ilp32/libgcc.a(fixsfsi.o)
 .debug_loclists
                0x00005bed      0x1ea /opt/riscv/lib/gcc/riscv32-unknown-elf/15.1.0/rv32im/ilp32/libgcc.a(floatsisf.o)
 .debug_loclists
                0x00005dd7       0x52 /opt/riscv/lib/gcc/riscv32-unknown-elf/15.1.0/rv32im/ilp32/libgcc.a(_clzsi2.o)

.debug_aranges  0x00000000      0x1f8
 .debug_aranges
                0x00000000       0x20 /opt/riscv/lib/gcc/riscv32-unknown-elf/15.1.0/rv32im/ilp32/libgcc.a(_udivdi3.o)
 .debug_aranges
                0x00000020       0x20 /opt/riscv/lib/gcc/riscv32-unknown-elf/15.1.0/rv32im/ilp32/libgcc.a(adddf3.o)
 .debug_aranges
                0x00000040       0x20 /opt/riscv/lib/gcc/riscv32-unknown-elf/15.1.0/rv32im/ilp32/libgcc.a(divdf3.o)
 .debug_aranges
                0x00000060       0x20 /opt/riscv/lib/gcc/riscv32-unknown-elf/15.1.0/rv32im/ilp32/libgcc.a(ledf2.o)
 .debug_aranges
                0x00000080       0x20 /opt/riscv/lib/gcc/riscv32-unknown-elf/15.1.0/rv32im/ilp32/libgcc.a(muldf3.o)
 .debug_aranges
                0x000000a0       0x20 /opt/riscv/lib/gcc/riscv32-unknown-elf/15.1.0/rv32im/ilp32/libgcc.a(subdf3.o)
 .debug_aranges
                0x000000c0       0x20 /opt/riscv/lib/gcc/riscv32-unknown-elf/15.1.0/rv32im/ilp32/libgcc.a(fixdfsi.o)
 .debug_aranges
                0x000000e0       0x20 /opt/riscv/lib/gcc/riscv32-unknown-elf/15.1.0/rv32im/ilp32/libgcc.a(fixunsdfsi.o)
 .debug_aranges
                0x00000100       0x20 /opt/riscv/lib/gcc/riscv32-unknown-elf/15.1.0/rv32im/ilp32/libgcc.a(floatsidf.o)
 .debug_aranges
                0x00000120       0x20 /opt/riscv/lib/gcc/riscv32-unknown-elf/15.1.0/rv32im/ilp32/libgcc.a(floatunsidf.o)
 .debug_aranges
                0x00000140       0x20 /opt/riscv/lib/gcc/riscv32-unknown-elf/15.1.0/rv32im/ilp32/libgcc.a(addsf3.o)
 .debug_aranges
                0x00000160       0x20 /opt/riscv/lib/gcc/riscv32-unknown-elf/15.1.0/rv32im/ilp32/libgcc.a(mulsf3.o)
 .debug_aranges
                0x00000180       0x20 /opt/riscv/lib/gcc/riscv32-unknown-elf/15.1.0/rv32im/ilp32/libgcc.a(fixsfsi.o)
 .debug_aranges
                0x000001a0       0x20 /opt/riscv/lib/gcc/riscv32-unknown-elf/15.1.0/rv32im/ilp32/libgcc.a(floatsisf.o)
 .debug_aranges
                0x000001c0       0x18 /opt/riscv/lib/gcc/riscv32-unknown-elf/15.1.0/rv32im/ilp32/libgcc.a(_clz.o)
 .debug_aranges
                0x000001d8       0x20 /opt/riscv/lib/gcc/riscv32-unknown-elf/15.1.0/rv32im/ilp32/libgcc.a(_clzsi2.o)

.debug_rnglists
                0x00000000      0x6ea
 .debug_rnglists
                0x00000000       0x9c /opt/riscv/lib/gcc/riscv32-unknown-elf/15.1.0/rv32im/ilp32/libgcc.a(_udivdi3.o)
 .debug_rnglists
                0x0000009c       0xe9 /opt/riscv/lib/gcc/riscv32-unknown-elf/15.1.0/rv32im/ilp32/libgcc.a(adddf3.o)
 .debug_rnglists
                0x00000185       0xc3 /opt/riscv/lib/gcc/riscv32-unknown-elf/15.1.0/rv32im/ilp32/libgcc.a(divdf3.o)
 .debug_rnglists
                0x00000248       0x26 /opt/riscv/lib/gcc/riscv32-unknown-elf/15.1.0/rv32im/ilp32/libgcc.a(ledf2.o)
 .debug_rnglists
                0x0000026e      0x163 /opt/riscv/lib/gcc/riscv32-unknown-elf/15.1.0/rv32im/ilp32/libgcc.a(muldf3.o)
 .debug_rnglists
                0x000003d1       0xec /opt/riscv/lib/gcc/riscv32-unknown-elf/15.1.0/rv32im/ilp32/libgcc.a(subdf3.o)
 .debug_rnglists
                0x000004bd       0x13 /opt/riscv/lib/gcc/riscv32-unknown-elf/15.1.0/rv32im/ilp32/libgcc.a(fixdfsi.o)
 .debug_rnglists
                0x000004d0       0x16 /opt/riscv/lib/gcc/riscv32-unknown-elf/15.1.0/rv32im/ilp32/libgcc.a(fixunsdfsi.o)
 .debug_rnglists
                0x000004e6       0x32 /opt/riscv/lib/gcc/riscv32-unknown-elf/15.1.0/rv32im/ilp32/libgcc.a(floatsidf.o)
 .debug_rnglists
                0x00000518       0x2c /opt/riscv/lib/gcc/riscv32-unknown-elf/15.1.0/rv32im/ilp32/libgcc.a(floatunsidf.o)
 .debug_rnglists
                0x00000544       0xcb /opt/riscv/lib/gcc/riscv32-unknown-elf/15.1.0/rv32im/ilp32/libgcc.a(addsf3.o)
 .debug_rnglists
                0x0000060f       0x6e /opt/riscv/lib/gcc/riscv32-unknown-elf/15.1.0/rv32im/ilp32/libgcc.a(mulsf3.o)
 .debug_rnglists
                0x0000067d       0x13 /opt/riscv/lib/gcc/riscv32-unknown-elf/15.1.0/rv32im/ilp32/libgcc.a(fixsfsi.o)
 .debug_rnglists
                0x00000690       0x44 /opt/riscv/lib/gcc/riscv32-unknown-elf/15.1.0/rv32im/ilp32/libgcc.a(floatsisf.o)
 .debug_rnglists
                0x000006d4       0x16 /opt/riscv/lib/gcc/riscv32-unknown-elf/15.1.0/rv32im/ilp32/libgcc.a(_clzsi2.o)

.debug_line     0x00000000     0x8ab9
 .debug_line    0x00000000      0xb27 /opt/riscv/lib/gcc/riscv32-unknown-elf/15.1.0/rv32im/ilp32/libgcc.a(_udivdi3.o)
 .debug_line    0x00000b27     0x16ba /opt/riscv/lib/gcc/riscv32-unknown-elf/15.1.0/rv32im/ilp32/libgcc.a(adddf3.o)
 .debug_line    0x000021e1     0x14b9 /opt/riscv/lib/gcc/riscv32-unknown-elf/15.1.0/rv32im/ilp32/libgcc.a(divdf3.o)
 .debug_line    0x0000369a      0x361 /opt/riscv/lib/gcc/riscv32-unknown-elf/15.1.0/rv32im/ilp32/libgcc.a(ledf2.o)
 .debug_line    0x000039fb     0x1155 /opt/riscv/lib/gcc/riscv32-unknown-elf/15.1.0/rv32im/ilp32/libgcc.a(muldf3.o)
 .debug_line    0x00004b50     0x16fd /opt/riscv/lib/gcc/riscv32-unknown-elf/15.1.0/rv32im/ilp32/libgcc.a(subdf3.o)
 .debug_line    0x0000624d      0x239 /opt/riscv/lib/gcc/riscv32-unknown-elf/15.1.0/rv32im/ilp32/libgcc.a(fixdfsi.o)
 .debug_line    0x00006486      0x1f9 /opt/riscv/lib/gcc/riscv32-unknown-elf/15.1.0/rv32im/ilp32/libgcc.a(fixunsdfsi.o)
 .debug_line    0x0000667f      0x251 /opt/riscv/lib/gcc/riscv32-unknown-elf/15.1.0/rv32im/ilp32/libgcc.a(floatsidf.o)
 .debug_line    0x000068d0      0x23b /opt/riscv/lib/gcc/riscv32-unknown-elf/15.1.0/rv32im/ilp32/libgcc.a(floatunsidf.o)
 .debug_line    0x00006b0b      0xf37 /opt/riscv/lib/gcc/riscv32-unknown-elf/15.1.0/rv32im/ilp32/libgcc.a(addsf3.o)
 .debug_line    0x00007a42      0x94d /opt/riscv/lib/gcc/riscv32-unknown-elf/15.1.0/rv32im/ilp32/libgcc.a(mulsf3.o)
 .debug_line    0x0000838f      0x245 /opt/riscv/lib/gcc/riscv32-unknown-elf/15.1.0/rv32im/ilp32/libgcc.a(fixsfsi.o)
 .debug_line    0x000085d4      0x3ad /opt/riscv/lib/gcc/riscv32-unknown-elf/15.1.0/rv32im/ilp32/libgcc.a(floatsisf.o)
 .debug_line    0x00008981       0x49 /opt/riscv/lib/gcc/riscv32-unknown-elf/15.1.0/rv32im/ilp32/libgcc.a(_clz.o)
 .debug_line    0x000089ca       0xef /opt/riscv/lib/gcc/riscv32-unknown-elf/15.1.0/rv32im/ilp32/libgcc.a(_clzsi2.o)

.debug_str      0x00000000      0x83e
 .debug_str     0x00000000      0x83e /opt/riscv/lib/gcc/riscv32-unknown-elf/15.1.0/rv32im/ilp32/libgcc.a(_udivdi3.o)
                                0x265 (size before relaxing)
 .debug_str     0x0000083e        0x0 /opt/riscv/lib/gcc/riscv32-unknown-elf/15.1.0/rv32im/ilp32/libgcc.a(adddf3.o)
                                0x29f (size before relaxing)
 .debug_str     0x0000083e        0x0 /opt/riscv/lib/gcc/riscv32-unknown-elf/15.1.0/rv32im/ilp32/libgcc.a(divdf3.o)
                                0x361 (size before relaxing)
 .debug_str     0x0000083e        0x0 /opt/riscv/lib/gcc/riscv32-unknown-elf/15.1.0/rv32im/ilp32/libgcc.a(ledf2.o)
                                0x1d5 (size before relaxing)
 .debug_str     0x0000083e        0x0 /opt/riscv/lib/gcc/riscv32-unknown-elf/15.1.0/rv32im/ilp32/libgcc.a(muldf3.o)
                                0x3b9 (size before relaxing)
 .debug_str     0x0000083e        0x0 /opt/riscv/lib/gcc/riscv32-unknown-elf/15.1.0/rv32im/ilp32/libgcc.a(subdf3.o)
                                0x29f (size before relaxing)
 .debug_str     0x0000083e        0x0 /opt/riscv/lib/gcc/riscv32-unknown-elf/15.1.0/rv32im/ilp32/libgcc.a(fixdfsi.o)
                                0x1ac (size before relaxing)
 .debug_str     0x0000083e        0x0 /opt/riscv/lib/gcc/riscv32-unknown-elf/15.1.0/rv32im/ilp32/libgcc.a(fixunsdfsi.o)
                                0x1a8 (size before relaxing)
 .debug_str     0x0000083e        0x0 /opt/riscv/lib/gcc/riscv32-unknown-elf/15.1.0/rv32im/ilp32/libgcc.a(floatsidf.o)
                                0x249 (size before relaxing)
 .debug_str     0x0000083e        0x0 /opt/riscv/lib/gcc/riscv32-unknown-elf/15.1.0/rv32im/ilp32/libgcc.a(floatunsidf.o)
                                0x244 (size before relaxing)
 .debug_str     0x0000083e        0x0 /opt/riscv/lib/gcc/riscv32-unknown-elf/15.1.0/rv32im/ilp32/libgcc.a(addsf3.o)
                                0x262 (size before relaxing)
 .debug_str     0x0000083e        0x0 /opt/riscv/lib/gcc/riscv32-unknown-elf/15.1.0/rv32im/ilp32/libgcc.a(mulsf3.o)
                                0x287 (size before relaxing)
 .debug_str     0x0000083e        0x0 /opt/riscv/lib/gcc/riscv32-unknown-elf/15.1.0/rv32im/ilp32/libgcc.a(fixsfsi.o)
                                0x19a (size before relaxing)
 .debug_str     0x0000083e        0x0 /opt/riscv/lib/gcc/riscv32-unknown-elf/15.1.0/rv32im/ilp32/libgcc.a(floatsisf.o)
                                0x22a (size before relaxing)
 .debug_str     0x0000083e        0x0 /opt/riscv/lib/gcc/riscv32-unknown-elf/15.1.0/rv32im/ilp32/libgcc.a(_clz.o)
                                0x1b2 (size before relaxing)
 .debug_str     0x0000083e        0x0 /opt/riscv/lib/gcc/riscv32-unknown-elf/15.1.0/rv32im/ilp32/libgcc.a(_clzsi2.o)
                                0x1cf (size before relaxing)

.debug_line_str
                0x00000000      0x355
 .debug_line_str
                0x00000000      0x355 /opt/riscv/lib/gcc/riscv32-unknown-elf/15.1.0/rv32im/ilp32/libgcc.a(_udivdi3.o)
                                 0xb8 (size before relaxing)
 .debug_line_str
                0x00000355        0x0 /opt/riscv/lib/gcc/riscv32-unknown-elf/15.1.0/rv32im/ilp32/libgcc.a(adddf3.o)
                                 0xc5 (size before relaxing)
 .debug_line_str
                0x00000355        0x0 /opt/riscv/lib/gcc/riscv32-unknown-elf/15.1.0/rv32im/ilp32/libgcc.a(divdf3.o)
                                 0xcf (size before relaxing)
 .debug_line_str
                0x00000355        0x0 /opt/riscv/lib/gcc/riscv32-unknown-elf/15.1.0/rv32im/ilp32/libgcc.a(ledf2.o)
                                 0xd1 (size before relaxing)
 .debug_line_str
                0x00000355        0x0 /opt/riscv/lib/gcc/riscv32-unknown-elf/15.1.0/rv32im/ilp32/libgcc.a(muldf3.o)
                                 0xcf (size before relaxing)
 .debug_line_str
                0x00000355        0x0 /opt/riscv/lib/gcc/riscv32-unknown-elf/15.1.0/rv32im/ilp32/libgcc.a(subdf3.o)
                                 0xc5 (size before relaxing)
 .debug_line_str
                0x00000355        0x0 /opt/riscv/lib/gcc/riscv32-unknown-elf/15.1.0/rv32im/ilp32/libgcc.a(fixdfsi.o)
                                 0xd1 (size before relaxing)
 .debug_line_str
                0x00000355        0x0 /opt/riscv/lib/gcc/riscv32-unknown-elf/15.1.0/rv32im/ilp32/libgcc.a(fixunsdfsi.o)
                                 0xd7 (size before relaxing)
 .debug_line_str
                0x00000355        0x0 /opt/riscv/lib/gcc/riscv32-unknown-elf/15.1.0/rv32im/ilp32/libgcc.a(floatsidf.o)
                                 0xd5 (size before relaxing)
 .debug_line_str
                0x00000355        0x0 /opt/riscv/lib/gcc/riscv32-unknown-elf/15.1.0/rv32im/ilp32/libgcc.a(floatunsidf.o)
                                 0xd9 (size before relaxing)
 .debug_line_str
                0x00000355        0x0 /opt/riscv/lib/gcc/riscv32-unknown-elf/15.1.0/rv32im/ilp32/libgcc.a(addsf3.o)
                                 0xc5 (size before relaxing)
 .debug_line_str
                0x00000355        0x0 /opt/riscv/lib/gcc/riscv32-unknown-elf/15.1.0/rv32im/ilp32/libgcc.a(mulsf3.o)
                                 0xcf (size before relaxing)
 .debug_line_str
                0x00000355        0x0 /opt/riscv/lib/gcc/riscv32-unknown-elf/15.1.0/rv32im/ilp32/libgcc.a(fixsfsi.o)
                                 0xd1 (size before relaxing)
 .debug_line_str
                0x00000355        0x0 /opt/riscv/lib/gcc/riscv32-unknown-elf/15.1.0/rv32im/ilp32/libgcc.a(floatsisf.o)
                                 0xd5 (size before relaxing)
 .debug_line_str
                0x00000355        0x0 /opt/riscv/lib/gcc/riscv32-unknown-elf/15.1.0/rv32im/ilp32/libgcc.a(_clz.o)
                                 0xb8 (size before relaxing)
 .debug_line_str
                0x00000355        0x0 /opt/riscv/lib/gcc/riscv32-unknown-elf/15.1.0/rv32im/ilp32/libgcc.a(_clzsi2.o)
                                 0xb8 (size before relaxing)

.debug_frame    0x00000000      0x300
 .debug_frame   0x00000000       0x44 /opt/riscv/lib/gcc/riscv32-unknown-elf/15.1.0/rv32im/ilp32/libgcc.a(adddf3.o)
 .debug_frame   0x00000044       0x54 /opt/riscv/lib/gcc/riscv32-unknown-elf/15.1.0/rv32im/ilp32/libgcc.a(divdf3.o)
 .debug_frame   0x00000098       0x20 /opt/riscv/lib/gcc/riscv32-unknown-elf/15.1.0/rv32im/ilp32/libgcc.a(ledf2.o)
 .debug_frame   0x000000b8       0x54 /opt/riscv/lib/gcc/riscv32-unknown-elf/15.1.0/rv32im/ilp32/libgcc.a(muldf3.o)
 .debug_frame   0x0000010c       0x44 /opt/riscv/lib/gcc/riscv32-unknown-elf/15.1.0/rv32im/ilp32/libgcc.a(subdf3.o)
 .debug_frame   0x00000150       0x20 /opt/riscv/lib/gcc/riscv32-unknown-elf/15.1.0/rv32im/ilp32/libgcc.a(fixdfsi.o)
 .debug_frame   0x00000170       0x20 /opt/riscv/lib/gcc/riscv32-unknown-elf/15.1.0/rv32im/ilp32/libgcc.a(fixunsdfsi.o)
 .debug_frame   0x00000190       0x38 /opt/riscv/lib/gcc/riscv32-unknown-elf/15.1.0/rv32im/ilp32/libgcc.a(floatsidf.o)
 .debug_frame   0x000001c8       0x34 /opt/riscv/lib/gcc/riscv32-unknown-elf/15.1.0/rv32im/ilp32/libgcc.a(floatunsidf.o)
 .debug_frame   0x000001fc       0x40 /opt/riscv/lib/gcc/riscv32-unknown-elf/15.1.0/rv32im/ilp32/libgcc.a(addsf3.o)
 .debug_frame   0x0000023c       0x4c /opt/riscv/lib/gcc/riscv32-unknown-elf/15.1.0/rv32im/ilp32/libgcc.a(mulsf3.o)
 .debug_frame   0x00000288       0x20 /opt/riscv/lib/gcc/riscv32-unknown-elf/15.1.0/rv32im/ilp32/libgcc.a(fixsfsi.o)
 .debug_frame   0x000002a8       0x38 /opt/riscv/lib/gcc/riscv32-unknown-elf/15.1.0/rv32im/ilp32/libgcc.a(floatsisf.o)
 .debug_frame   0x000002e0       0x20 /opt/riscv/lib/gcc/riscv32-unknown-elf/15.1.0/rv32im/ilp32/libgcc.a(_clzsi2.o)
