
There are no discarded input sections

Memory Configuration

Name             Origin             Length             Attributes
code_ram         0x00000000         0x00000900         xr!rw
data_ram         0x00000900         0x00000800         rw!x
*default*        0x00000000         0xffffffff

Linker script and memory map

                0x00000300                        __stack_size = 0x300

.text           0x00000000      0x70c
 boot.o(.text)
 .text          0x00000000       0x24 boot.o
                0x00000000                boot
 *(.text)
 .text          0x00000024      0x1b4 uartboot.o
                0x00000024                load_elf
 .text          0x000001d8      0x534 io_uart.o
                0x000001d8                exit
                0x0000021c                inbyte
                0x00000244                outbyte
                0x00000288                getchar
                0x000002b0                putchar
                0x000002fc                putd
                0x000003ec                putx
                0x00000480                puts
                0x00000500                printf

.text.startup   0x0000070c      0x160
 .text.startup  0x0000070c      0x160 uartboot.o
                0x0000070c                main

.rela.dyn       0x0000086c        0x0
 .rela.sdata    0x0000086c        0x0 boot.o

.data           0x00000900      0x2fd
 *(.data)
 .data          0x00000900        0x0 boot.o
 .data          0x00000900        0x0 uartboot.o
 .data          0x00000900        0x0 io_uart.o
 *(.bss)
 .bss           0x00000900        0x0 boot.o
 .bss           0x00000900       0xc0 uartboot.o
                0x00000900                pheader
                0x00000980                eheader
 .bss           0x000009c0        0x0 io_uart.o
 *(.rodata*)
 .rodata.str1.4
                0x000009c0      0x183 uartboot.o
 *fill*         0x00000b43        0x1 
 .rodata        0x00000b44       0xb9 io_uart.o

.sdata          0x00000c00       0x18
 .sdata         0x00000c00        0x4 boot.o
                0x00000c00                stack_top
 .sdata         0x00000c04        0x8 uartboot.o
                0x00000c04                year
                0x00000c08                organization
 .sdata         0x00000c0c        0xc io_uart.o
                0x00000c0c                uart_status
                0x00000c10                uart_txfifo
                0x00000c14                uart_rxfifo

.sbss           0x00000c18        0x8
 .sbss          0x00000c18        0x4 boot.o
                0x00000c18                sp_store
 .sbss          0x00000c1c        0x4 uartboot.o
                0x00000c1c                prog

.stack          0x00000c20      0x300
                0x00000f20                        . = (. + __stack_size)
 *fill*         0x00000c20      0x300 
                0x00000f20                        __stack_top = .
LOAD boot.o
LOAD uartboot.o
LOAD io_uart.o
OUTPUT(uartboot.elf elf32-littleriscv)

.comment        0x00000000       0x19
 .comment       0x00000000       0x19 boot.o
                                 0x1a (size before relaxing)
 .comment       0x00000019        0x0 uartboot.o
                                 0x1a (size before relaxing)
 .comment       0x00000019        0x0 io_uart.o
                                 0x1a (size before relaxing)

.note.GNU-stack
                0x00000000        0x0
 .note.GNU-stack
                0x00000000        0x0 boot.o
 .note.GNU-stack
                0x00000000        0x0 uartboot.o
 .note.GNU-stack
                0x00000000        0x0 io_uart.o

.riscv.attributes
                0x00000000       0x57
 .riscv.attributes
                0x00000000       0x57 boot.o
 .riscv.attributes
                0x00000057       0x57 uartboot.o
 .riscv.attributes
                0x000000ae       0x57 io_uart.o
